-- ten seconds should be enough to show this doesn't destroy memory
set statement_timeout = '5s';
set pljs.memory_limit = '256';
do $$ Object.prototype [Symbol.iterator] = function() { return { next:() => this } };
[...({})];
$$ language pljs;
ERROR:  execution error
DETAIL:  InternalError: out of memory
    at <anonymous> (<function>:3)
    at <eval> (<function>:5)

do $$ Object.prototype [Symbol.iterator] = function() { return { next:() => this } };
[...({})];
$$ language pljs;
ERROR:  execution error
DETAIL:  InternalError: out of memory
    at <anonymous> (<function>:3)
    at <eval> (<function>:5)

