CREATE TYPE acomp AS (x int, y text, z timestamptz);
DO LANGUAGE pljs $$
  var jres = pljs.execute("select $1::acomp[]", [ [ { "x": 2, "z": null, "y": null } ] ]);
  pljs.elog(NOTICE,JSON.stringify(jres));
$$;
CREATE TYPE acomp AS (x int, y text, z timestamptz);
DO LANGUAGE PLV8 $$
  var jres = plv8.execute("select $1::acomp[]", [ [ { "x": 2, "z": null, "y": null } ] ]);
  plv8.elog(NOTICE,JSON.stringify(jres));
$$;
NOTICE:  [{"acomp":[{"x":2,"y":null,"z":null}]}]
