-- fix for https://github.com/plv8/pljs/issues/10
DO $$ pljs.elog(NOTICE, `ðŸ‘‹ Hello!`); $$ LANGUAGE pljs;
NOTICE:  ðŸ‘‹ Hello!
